../Core/Src/device_config.c:52:9:cfg_channels_for_format	16	static
../Core/Src/device_config.c:63:9:cfg_wire_order	16	static
../Core/Src/device_config.c:98:10:cfg_channels_per_led	8	static
../Core/Src/device_config.c:99:10:cfg_bits_per_led	8	static
../Core/Src/device_config.c:100:10:cfg_leds_per_pin	4	static
../Core/Src/device_config.c:102:10:cfg_dma_len_per_pin	24	static
../Core/Src/device_config.c:112:6:cfg_apply_ic	24	static
../Core/Src/device_config.c:125:6:cfg_load_defaults	32	static
../Core/Src/device_config.c:152:6:cfg_validate	32	static
../Core/Src/device_config.c:195:17:cfg_crc32	40	static
../Core/Src/device_config.c:211:6:cfg_init	144	static
../Core/Src/device_config.c:229:6:cfg_save	192	static
../Core/Src/device_config.c:268:6:cfg_factory_reset	32	static
