../Drivers/CMSIS/Include/core_cm4.h:1938:34:__NVIC_SystemReset	1
../Core/Src/main.c:124:13:engine_refresh	2
../Core/Src/main.c:138:13:build_pin	4
../Core/Src/main.c:164:13:poll_factory_button	4
../Core/Src/main.c:187:5:main	10
../Core/Src/main.c:293:6:SystemClock_Config	3
../Core/Src/main.c:339:13:MX_TIM3_Init	7
../Core/Src/main.c:400:13:MX_TIM4_Init	7
../Core/Src/main.c:461:13:MX_TIM5_Init	7
../Core/Src/main.c:524:13:MX_USART3_UART_Init	2
../Core/Src/main.c:557:13:MX_USB_OTG_FS_PCD_Init	2
../Core/Src/main.c:590:13:MX_DMA_Init	1
../Core/Src/main.c:626:13:MX_GPIO_Init	1
../Core/Src/main.c:681:6:HAL_TIM_PWM_PulseFinishedCallback	8
../Core/Src/main.c:702:6:Error_Handler	1
