../Drivers/CMSIS/Include/core_cm4.h:1938:34:__NVIC_SystemReset	4	static,ignoring_inline_asm
../Core/Src/main.c:124:13:engine_refresh	8	static
../Core/Src/main.c:137:13:build_pin	56	static
../Core/Src/main.c:160:13:poll_factory_button	16	static
../Core/Src/main.c:183:5:main	112	static
../Core/Src/main.c:289:6:SystemClock_Config	88	static
../Core/Src/main.c:335:13:MX_TIM3_Init	48	static
../Core/Src/main.c:396:13:MX_TIM4_Init	48	static
../Core/Src/main.c:457:13:MX_TIM5_Init	64	static
../Core/Src/main.c:520:13:MX_USART3_UART_Init	8	static
../Core/Src/main.c:553:13:MX_USB_OTG_FS_PCD_Init	8	static
../Core/Src/main.c:586:13:MX_DMA_Init	16	static
../Core/Src/main.c:622:13:MX_GPIO_Init	56	static
../Core/Src/main.c:677:6:HAL_TIM_PWM_PulseFinishedCallback	24	static
../Core/Src/main.c:698:6:Error_Handler	4	static,ignoring_inline_asm
